// Jest Snapshot v1, https://goo.gl/fbAQLP

exports[`It handle emotion 1`] = `"<hr><div class=\\"css-1s2agg0-myStyle1\\">This is styled by @emotion, hover to change color.</div><button class=\\"css-1wzfjex-Button ezrfpgc0\\">this is a styled.button</button><hr>"`;
